Chromium Download Monitor Report - 2026-03-25 19:36 (Asia/Dubai)

PROCESS STATUS:
✅ gclient sync (PID 9507) - RUNNING
✅ git clone (PID 9706) - ACTIVE (CPU: 4.9%)
✅ git index-pack (PID 10759) - ACTIVE (CPU: 0.4%)

PROGRESS:
- Repository objects: 27,759,002 total
- Objects received: ~8,958 (0.032% complete)
- Data transferred: ~4.36 MiB (log shows)
- Disk usage: /mnt/d/nexus/_gclient_src_ekepkcs5 = 2.0M

NETWORK SPEED:
- Average: ~40-60 KiB/s (from log timestamps)
- Current: Active transfer

ESTIMATE:
- At current speed (avg 50 KiB/s), full download will take several days.
- This is a fresh clone of the Chromium repository (very large, ~100+ GB expected).
- Phase 1: Git object download (slow but steady)
- Phase 2: Checkout and additional dependencies (via gclient)

ACTION: No restart needed. Download is in progress.

NEXT CHECK: Monitor for completion of object transfer phase (should reach 100% objects received).
Then gclient will fetch additional dependencies and apply patches.

Monitoring will continue...