=== Chromium Download Progress Report ===
Timestamp: 2026-03-24 17:43 UTC (9:43 PM GST)
Workspace: /mnt/d/nexus

PROCESS STATUS:
- gclient sync process: RUNNING (PID 107516)
  Command: gclient sync --nohooks
  Started: 19:19 (approx 2h 24m ago)
- Git clone process: RUNNING (PID 108187)
  Target: chromium/src repository
  Destination: /mnt/d/nexus/_gclient_src_skb_x25s
- Git index-pack: RUNNING (PID 108516)
  Status: actively processing pack data
  CPU: 12.5% (recently peaked higher)
  Memory: 23.4% (~1.9GB)

DOWNLOAD SIZE:
- Current directory size: 4.7G
- .git/objects size: 4.7G
- Estimated total for chromium/src: ~100G
- Progress: 4.7% (4.7G / 100G)

STATE:
- Active download in progress
- No errors detected
- I/O bound operation (processes in 'D' state - waiting on disk/network)
- All child processes normal

HISTORY:
- Started at 19:19 via gclient restart
- Initially created empty log: gclient_restart_test.log

NEXT ACTIONS:
- Continue monitoring until completion
- gclient sync will proceed through multiple repositories after src completes
- Total download may reach 150G+ with all dependencies
- Estimated completion: 12-24 hours based on current speed (very early stage)

CONCLUSION: Download is progressing normally. No restart needed.
